// Jest Snapshot v1, https://goo.gl/fbAQLP

exports[`should render an expense item 1`] = `
<div>
  <Link
    to="/edit/1"
  >
    <h3>
      rent
    </h3>
  </Link>
  <p>
    1
     - 
    0
  </p>
</div>
`;
